Running 872 checks on 5 files in 2 families
ttf: googlefonts/metadata/unreachable_subsetting WARN [unreachable-subsetting unreachable-subsetting unreachable-subsetting unreachable-subsetting]
VirtuaGrotesk-Bold.ttf: base_has_width WARN [non-zero-advance]
VirtuaGrotesk-Bold.ttf: contour_count FAIL [contour-count no-contour]
VirtuaGrotesk-Bold.ttf: opentype/GDEF_mark_chars WARN [mark-chars]
VirtuaGrotesk-Bold.ttf: googlefonts/glyphsets/shape_languages WARN [warning-language-shaping]
VirtuaGrotesk-Bold.ttf: outline_colinear_vectors WARN [found-colinear-vectors]
VirtuaGrotesk-Bold.ttf: outline_direction WARN [ccw-outer-contour]
VirtuaGrotesk-Bold.ttf: outline_jaggy_segments WARN [found-jaggy-segments]
VirtuaGrotesk-Bold.ttf: overlapping_path_segments WARN [overlapping-path-segments]
VirtuaGrotesk-Bold.ttf: outline_semi_vertical WARN [found-semi-vertical]
VirtuaGrotesk-Medium.ttf: googlefonts/glyphsets/shape_languages WARN [warning-language-shaping]
VirtuaGrotesk-Medium.ttf: outline_colinear_vectors WARN [found-colinear-vectors]
VirtuaGrotesk-Medium.ttf: outline_jaggy_segments WARN [found-jaggy-segments]
VirtuaGrotesk-Medium.ttf: outline_semi_vertical WARN [found-semi-vertical]
VirtuaGrotesk-Medium.ttf: base_has_width WARN [non-zero-advance]
VirtuaGrotesk-Medium.ttf: contour_count FAIL [contour-count no-contour]
VirtuaGrotesk-Medium.ttf: opentype/GDEF_mark_chars WARN [mark-chars]
VirtuaGrotesk-Regular.ttf: googlefonts/glyphsets/shape_languages WARN [warning-language-shaping]
VirtuaGrotesk-Regular.ttf: base_has_width WARN [non-zero-advance]
VirtuaGrotesk-Regular.ttf: contour_count FAIL [contour-count no-contour]
VirtuaGrotesk-Regular.ttf: unreachable_glyphs WARN [unreachable-glyphs]
VirtuaGrotesk-Regular.ttf: outline_colinear_vectors WARN [found-colinear-vectors]
VirtuaGrotesk-Regular.ttf: googlefonts/repo/dirname_matches_nameid_1 FAIL [mismatch]
VirtuaGrotesk-Regular.ttf: opentype/GDEF_mark_chars WARN [mark-chars]
VirtuaGrotesk-SemiBold.ttf: googlefonts/glyphsets/shape_languages WARN [warning-language-shaping]
VirtuaGrotesk-SemiBold.ttf: outline_colinear_vectors WARN [found-colinear-vectors]
VirtuaGrotesk-SemiBold.ttf: outline_jaggy_segments WARN [found-jaggy-segments]
VirtuaGrotesk-SemiBold.ttf: overlapping_path_segments WARN [overlapping-path-segments]
VirtuaGrotesk-SemiBold.ttf: outline_semi_vertical WARN [found-semi-vertical]
VirtuaGrotesk-SemiBold.ttf: base_has_width WARN [non-zero-advance]
VirtuaGrotesk-SemiBold.ttf: contour_count FAIL [contour-count no-contour]
VirtuaGrotesk-SemiBold.ttf: opentype/GDEF_mark_chars WARN [mark-chars]
variable: googlefonts/metadata/unreachable_subsetting WARN [unreachable-subsetting]
VirtuaGrotesk[wght].ttf: outline_direction WARN [ccw-outer-contour]
VirtuaGrotesk[wght].ttf: overlapping_path_segments WARN [overlapping-path-segments]
VirtuaGrotesk[wght].ttf: base_has_width WARN [non-zero-advance]
VirtuaGrotesk[wght].ttf: contour_count FAIL [contour-count no-contour]
VirtuaGrotesk[wght].ttf: interpolation_issues WARN [interpolation-issue interpolation-issue interpolation-issue interpolation-issue interpolation-issue interpolation-issue interpolation-issue interpolation-issue interpolation-issue interpolation-issue interpolation-issue interpolation-issue interpolation-issue interpolation-issue interpolation-issue]
VirtuaGrotesk[wght].ttf: suspicious_sidebearings WARN [large-rsb-variation large-aw-variation]
VirtuaGrotesk[wght].ttf: googlefonts/glyphsets/shape_languages WARN [warning-language-shaping]
VirtuaGrotesk[wght].ttf: opentype/GDEF_mark_chars WARN [mark-chars]
Ran 872 checks in 0.075s

Summary:
  SKIP: 310 INFO: 39 PASS: 491 WARN: 58 FAIL: 6 FATAL: 0 ERROR: 0 
